2026-06-02 15:33:07,013 - asyncio - DEBUG - Using proactor: IocpProactor
INFO:     Started server process [25276]
INFO:     Waiting for application startup.
2026-06-02 15:33:07,033 - app.main - INFO - Starting NanTuPy server...
2026-06-02 15:33:08,628 - app.main - INFO - Database tables initialized
INFO:     Application startup complete.
INFO:     Uvicorn running on http://127.0.0.1:8898 (Press CTRL+C to quit)
ERROR:    Exception in ASGI application
Traceback (most recent call last):
  File "C:\Apps\Marvis\MarvisAgent\1.0.1100.170\runtime\python311\Lib\site-packages\sqlalchemy\engine\base.py", line 1969, in _exec_single_context
    self.dialect.do_execute(
  File "C:\Apps\Marvis\MarvisAgent\1.0.1100.170\runtime\python311\Lib\site-packages\sqlalchemy\engine\default.py", line 952, in do_execute
    cursor.execute(statement, parameters)
  File "C:\Apps\Marvis\MarvisAgent\1.0.1100.170\runtime\python311\Lib\site-packages\pymysql\cursors.py", line 159, in execute
    result = self._query(query)
             ^^^^^^^^^^^^^^^^^^
  File "C:\Apps\Marvis\MarvisAgent\1.0.1100.170\runtime\python311\Lib\site-packages\pymysql\cursors.py", line 330, in _query
    conn.query(q)
  File "C:\Apps\Marvis\MarvisAgent\1.0.1100.170\runtime\python311\Lib\site-packages\pymysql\connections.py", line 582, in query
    self._affected_rows = self._read_query_result(unbuffered=unbuffered)
                          ^^^^^^^^^^^^^^^^^^^^^^^^^^^^^^^^^^^^^^^^^^^^^^
  File "C:\Apps\Marvis\MarvisAgent\1.0.1100.170\runtime\python311\Lib\site-packages\pymysql\connections.py", line 847, in _read_query_result
    result.read()
  File "C:\Apps\Marvis\MarvisAgent\1.0.1100.170\runtime\python311\Lib\site-packages\pymysql\connections.py", line 1245, in read
    first_packet = self.connection._read_packet()
                   ^^^^^^^^^^^^^^^^^^^^^^^^^^^^^^
  File "C:\Apps\Marvis\MarvisAgent\1.0.1100.170\runtime\python311\Lib\site-packages\pymysql\connections.py", line 803, in _read_packet
    packet.raise_for_error()
  File "C:\Apps\Marvis\MarvisAgent\1.0.1100.170\runtime\python311\Lib\site-packages\pymysql\protocol.py", line 219, in raise_for_error
    err.raise_mysql_exception(self._data)
  File "C:\Apps\Marvis\MarvisAgent\1.0.1100.170\runtime\python311\Lib\site-packages\pymysql\err.py", line 154, in raise_mysql_exception
    raise errorclass(errno, errval, sqlstate=sqlstate)
pymysql.err.OperationalError: (1054, "Unknown column 'users.is_admin' in 'field list'")

The above exception was the direct cause of the following exception:

Traceback (most recent call last):
  File "C:\Apps\Marvis\MarvisAgent\1.0.1100.170\runtime\python311\Lib\site-packages\uvicorn\protocols\http\h11_impl.py", line 415, in run_asgi
    result = await app(  # type: ignore[func-returns-value]
             ^^^^^^^^^^^^^^^^^^^^^^^^^^^^^^^^^^^^^^^^^^^^^^
  File "C:\Apps\Marvis\MarvisAgent\1.0.1100.170\runtime\python311\Lib\site-packages\uvicorn\middleware\proxy_headers.py", line 63, in __call__
    return await self.app(scope, receive, send)
           ^^^^^^^^^^^^^^^^^^^^^^^^^^^^^^^^^^^^
  File "C:\Apps\Marvis\MarvisAgent\1.0.1100.170\runtime\python311\Lib\site-packages\fastapi\applications.py", line 1159, in __call__
    await super().__call__(scope, receive, send)
  File "C:\Apps\Marvis\MarvisAgent\1.0.1100.170\runtime\python311\Lib\site-packages\starlette\applications.py", line 90, in __call__
    await self.middleware_stack(scope, receive, send)
  File "C:\Apps\Marvis\MarvisAgent\1.0.1100.170\runtime\python311\Lib\site-packages\starlette\middleware\errors.py", line 186, in __call__
    raise exc
  File "C:\Apps\Marvis\MarvisAgent\1.0.1100.170\runtime\python311\Lib\site-packages\starlette\middleware\errors.py", line 164, in __call__
    await self.app(scope, receive, _send)
  File "C:\Apps\Marvis\MarvisAgent\1.0.1100.170\runtime\python311\Lib\site-packages\starlette\middleware\cors.py", line 88, in __call__
    await self.app(scope, receive, send)
  File "C:\Apps\Marvis\MarvisAgent\1.0.1100.170\runtime\python311\Lib\site-packages\starlette\middleware\exceptions.py", line 63, in __call__
    await wrap_app_handling_exceptions(self.app, conn)(scope, receive, send)
  File "C:\Apps\Marvis\MarvisAgent\1.0.1100.170\runtime\python311\Lib\site-packages\starlette\_exception_handler.py", line 53, in wrapped_app
    raise exc
  File "C:\Apps\Marvis\MarvisAgent\1.0.1100.170\runtime\python311\Lib\site-packages\starlette\_exception_handler.py", line 42, in wrapped_app
    await app(scope, receive, sender)
  File "C:\Apps\Marvis\MarvisAgent\1.0.1100.170\runtime\python311\Lib\site-packages\fastapi\middleware\asyncexitstack.py", line 18, in __call__
    await self.app(scope, receive, send)
  File "C:\Apps\Marvis\MarvisAgent\1.0.1100.170\runtime\python311\Lib\site-packages\starlette\routing.py", line 660, in __call__
    await self.middleware_stack(scope, receive, send)
  File "C:\Apps\Marvis\MarvisAgent\1.0.1100.170\runtime\python311\Lib\site-packages\starlette\routing.py", line 680, in app
    await route.handle(scope, receive, send)
  File "C:\Apps\Marvis\MarvisAgent\1.0.1100.170\runtime\python311\Lib\site-packages\starlette\routing.py", line 276, in handle
    await self.app(scope, receive, send)
  File "C:\Apps\Marvis\MarvisAgent\1.0.1100.170\runtime\python311\Lib\site-packages\fastapi\routing.py", line 134, in app
    await wrap_app_handling_exceptions(app, request)(scope, receive, send)
  File "C:\Apps\Marvis\MarvisAgent\1.0.1100.170\runtime\python311\Lib\site-packages\starlette\_exception_handler.py", line 53, in wrapped_app
    raise exc
  File "C:\Apps\Marvis\MarvisAgent\1.0.1100.170\runtime\python311\Lib\site-packages\starlette\_exception_handler.py", line 42, in wrapped_app
    await app(scope, receive, sender)
  File "C:\Apps\Marvis\MarvisAgent\1.0.1100.170\runtime\python311\Lib\site-packages\fastapi\routing.py", line 120, in app
    response = await f(request)
               ^^^^^^^^^^^^^^^^
  File "C:\Apps\Marvis\MarvisAgent\1.0.1100.170\runtime\python311\Lib\site-packages\fastapi\routing.py", line 674, in app
    raw_response = await run_endpoint_function(
                   ^^^^^^^^^^^^^^^^^^^^^^^^^^^^
  File "C:\Apps\Marvis\MarvisAgent\1.0.1100.170\runtime\python311\Lib\site-packages\fastapi\routing.py", line 330, in run_endpoint_function
    return await run_in_threadpool(dependant.call, **values)
           ^^^^^^^^^^^^^^^^^^^^^^^^^^^^^^^^^^^^^^^^^^^^^^^^^
  File "C:\Apps\Marvis\MarvisAgent\1.0.1100.170\runtime\python311\Lib\site-packages\starlette\concurrency.py", line 32, in run_in_threadpool
    return await anyio.to_thread.run_sync(func)
           ^^^^^^^^^^^^^^^^^^^^^^^^^^^^^^^^^^^^
  File "C:\Apps\Marvis\MarvisAgent\1.0.1100.170\runtime\python311\Lib\site-packages\anyio\to_thread.py", line 63, in run_sync
    return await get_async_backend().run_sync_in_worker_thread(
           ^^^^^^^^^^^^^^^^^^^^^^^^^^^^^^^^^^^^^^^^^^^^^^^^^^^^
  File "C:\Apps\Marvis\MarvisAgent\1.0.1100.170\runtime\python311\Lib\site-packages\anyio\_backends\_asyncio.py", line 2518, in run_sync_in_worker_thread
    return await future
           ^^^^^^^^^^^^
  File "C:\Apps\Marvis\MarvisAgent\1.0.1100.170\runtime\python311\Lib\site-packages\anyio\_backends\_asyncio.py", line 1002, in run
    result = context.run(func, *args)
             ^^^^^^^^^^^^^^^^^^^^^^^^
  File "D:\NanTuPy\app\routers\auth.py", line 104, in register
    if db.query(User).filter(User.username == data.username).first():
       ^^^^^^^^^^^^^^^^^^^^^^^^^^^^^^^^^^^^^^^^^^^^^^^^^^^^^^^^^^^^^
  File "C:\Apps\Marvis\MarvisAgent\1.0.1100.170\runtime\python311\Lib\site-packages\sqlalchemy\orm\query.py", line 2766, in first
    return self.limit(1)._iter().first()  # type: ignore
           ^^^^^^^^^^^^^^^^^^^^^
  File "C:\Apps\Marvis\MarvisAgent\1.0.1100.170\runtime\python311\Lib\site-packages\sqlalchemy\orm\query.py", line 2864, in _iter
    result: Union[ScalarResult[_T], Result[_T]] = self.session.execute(
                                                  ^^^^^^^^^^^^^^^^^^^^^
  File "C:\Apps\Marvis\MarvisAgent\1.0.1100.170\runtime\python311\Lib\site-packages\sqlalchemy\orm\session.py", line 2372, in execute
    return self._execute_internal(
           ^^^^^^^^^^^^^^^^^^^^^^^
  File "C:\Apps\Marvis\MarvisAgent\1.0.1100.170\runtime\python311\Lib\site-packages\sqlalchemy\orm\session.py", line 2270, in _execute_internal
    result: Result[Any] = compile_state_cls.orm_execute_statement(
                          ^^^^^^^^^^^^^^^^^^^^^^^^^^^^^^^^^^^^^^^^
  File "C:\Apps\Marvis\MarvisAgent\1.0.1100.170\runtime\python311\Lib\site-packages\sqlalchemy\orm\context.py", line 306, in orm_execute_statement
    result = conn.execute(
             ^^^^^^^^^^^^^
  File "C:\Apps\Marvis\MarvisAgent\1.0.1100.170\runtime\python311\Lib\site-packages\sqlalchemy\engine\base.py", line 1421, in execute
    return meth(
           ^^^^^
  File "C:\Apps\Marvis\MarvisAgent\1.0.1100.170\runtime\python311\Lib\site-packages\sqlalchemy\sql\elements.py", line 526, in _execute_on_connection
    return connection._execute_clauseelement(
           ^^^^^^^^^^^^^^^^^^^^^^^^^^^^^^^^^^
  File "C:\Apps\Marvis\MarvisAgent\1.0.1100.170\runtime\python311\Lib\site-packages\sqlalchemy\engine\base.py", line 1643, in _execute_clauseelement
    ret = self._execute_context(
          ^^^^^^^^^^^^^^^^^^^^^^
  File "C:\Apps\Marvis\MarvisAgent\1.0.1100.170\runtime\python311\Lib\site-packages\sqlalchemy\engine\base.py", line 1848, in _execute_context
    return self._exec_single_context(
           ^^^^^^^^^^^^^^^^^^^^^^^^^^
  File "C:\Apps\Marvis\MarvisAgent\1.0.1100.170\runtime\python311\Lib\site-packages\sqlalchemy\engine\base.py", line 1988, in _exec_single_context
    self._handle_dbapi_exception(
  File "C:\Apps\Marvis\MarvisAgent\1.0.1100.170\runtime\python311\Lib\site-packages\sqlalchemy\engine\base.py", line 2365, in _handle_dbapi_exception
    raise sqlalchemy_exception.with_traceback(exc_info[2]) from e
  File "C:\Apps\Marvis\MarvisAgent\1.0.1100.170\runtime\python311\Lib\site-packages\sqlalchemy\engine\base.py", line 1969, in _exec_single_context
    self.dialect.do_execute(
  File "C:\Apps\Marvis\MarvisAgent\1.0.1100.170\runtime\python311\Lib\site-packages\sqlalchemy\engine\default.py", line 952, in do_execute
    cursor.execute(statement, parameters)
  File "C:\Apps\Marvis\MarvisAgent\1.0.1100.170\runtime\python311\Lib\site-packages\pymysql\cursors.py", line 159, in execute
    result = self._query(query)
             ^^^^^^^^^^^^^^^^^^
  File "C:\Apps\Marvis\MarvisAgent\1.0.1100.170\runtime\python311\Lib\site-packages\pymysql\cursors.py", line 330, in _query
    conn.query(q)
  File "C:\Apps\Marvis\MarvisAgent\1.0.1100.170\runtime\python311\Lib\site-packages\pymysql\connections.py", line 582, in query
    self._affected_rows = self._read_query_result(unbuffered=unbuffered)
                          ^^^^^^^^^^^^^^^^^^^^^^^^^^^^^^^^^^^^^^^^^^^^^^
  File "C:\Apps\Marvis\MarvisAgent\1.0.1100.170\runtime\python311\Lib\site-packages\pymysql\connections.py", line 847, in _read_query_result
    result.read()
  File "C:\Apps\Marvis\MarvisAgent\1.0.1100.170\runtime\python311\Lib\site-packages\pymysql\connections.py", line 1245, in read
    first_packet = self.connection._read_packet()
                   ^^^^^^^^^^^^^^^^^^^^^^^^^^^^^^
  File "C:\Apps\Marvis\MarvisAgent\1.0.1100.170\runtime\python311\Lib\site-packages\pymysql\connections.py", line 803, in _read_packet
    packet.raise_for_error()
  File "C:\Apps\Marvis\MarvisAgent\1.0.1100.170\runtime\python311\Lib\site-packages\pymysql\protocol.py", line 219, in raise_for_error
    err.raise_mysql_exception(self._data)
  File "C:\Apps\Marvis\MarvisAgent\1.0.1100.170\runtime\python311\Lib\site-packages\pymysql\err.py", line 154, in raise_mysql_exception
    raise errorclass(errno, errval, sqlstate=sqlstate)
sqlalchemy.exc.OperationalError: (pymysql.err.OperationalError) (1054, "Unknown column 'users.is_admin' in 'field list'")
[SQL: SELECT users.id AS users_id, users.username AS users_username, users.email AS users_email, users.password_hash AS users_password_hash, users.bio AS users_bio, users.avatar_url AS users_avatar_url, users.cover_photo_url AS users_cover_photo_url, users.created_at AS users_created_at, users.updated_at AS users_updated_at, users.is_active AS users_is_active, users.is_admin AS users_is_admin, users.profile_visibility AS users_profile_visibility, users.post_default_visibility AS users_post_default_visibility, users.show_email AS users_show_email, users.allow_search AS users_allow_search, users.allow_friend_requests AS users_allow_friend_requests, users.notify_push AS users_notify_push, users.notify_message AS users_notify_message, users.notify_sound AS users_notify_sound 
FROM users 
WHERE users.username = %(username_1)s 
 LIMIT %(param_1)s]
[parameters: {'username_1': 't888888', 'param_1': 1}]
(Background on this error at: https://sqlalche.me/e/20/e3q8)
